Configuration on demand is an incubating feature.
> Task :app:checkKotlinGradlePluginConfigurationErrors
> Task :app:preBuild UP-TO-DATE
> Task :app:preDebugBuild UP-TO-DATE
> Task :app:generateDebugBuildConfig UP-TO-DATE
> Task :app:checkDebugAarMetadata UP-TO-DATE
> Task :app:processDebugNavigationResources UP-TO-DATE
> Task :app:compileDebugNavigationResources UP-TO-DATE
> Task :app:generateDebugResValues UP-TO-DATE
> Task :app:mapDebugSourceSetPaths UP-TO-DATE
> Task :app:generateDebugResources UP-TO-DATE
> Task :app:mergeDebugResources UP-TO-DATE
> Task :app:packageDebugResources UP-TO-DATE
> Task :app:parseDebugLocalResources UP-TO-DATE
> Task :app:createDebugCompatibleScreenManifests UP-TO-DATE
> Task :app:extractDeepLinksDebug UP-TO-DATE
> Task :app:processDebugMainManifest UP-TO-DATE
> Task :app:processDebugManifest UP-TO-DATE
> Task :app:processDebugManifestForPackage UP-TO-DATE
> Task :app:processDebugResources UP-TO-DATE
> Task :app:kspDebugKotlin UP-TO-DATE
> Task :app:compileDebugKotlin UP-TO-DATE
> Task :app:javaPreCompileDebug UP-TO-DATE
> Task :app:compileDebugJavaWithJavac UP-TO-DATE
> Task :app:bundleDebugClassesToRuntimeJar UP-TO-DATE
> Task :app:bundleDebugClassesToCompileJar UP-TO-DATE
> Task :app:kspDebugUnitTestKotlin UP-TO-DATE
> Task :app:preDebugUnitTestBuild UP-TO-DATE
> Task :app:javaPreCompileDebugUnitTest UP-TO-DATE
> Task :app:processDebugJavaRes UP-TO-DATE

> Task :app:compileDebugUnitTestKotlin FAILED
.\gradlew.bat : e: file:///E:/dev/MyAAC/app/src/test/java/com/example/myaac/viewmodel/BoardViewModelTest.kt:45:36 Type mismatch: inferred type is 
BoardRepository but Application was expected
At line:1 char:63
+ ... tudio\jbr"; .\gradlew.bat testDebugUnitTest --tests "com.example.myaa ...
+                 ~~~~~~~~~~~~~~~~~~~~~~~~~~~~~~~~~~~~~~~~~~~~~~~~~~~~~~~~~
    + CategoryInfo          : NotSpecified: (e: file:///E:/d...on was expected:String) [], RemoteException
    + FullyQualifiedErrorId : NativeCommandError
 
e: file:///E:/dev/MyAAC/app/src/test/java/com/example/myaac/viewmodel/BoardViewModelTest.kt:45:48 Type mismatch: inferred type is SettingsRepository but 
BoardRepository was expected
e: file:///E:/dev/MyAAC/app/src/test/java/com/example/myaac/viewmodel/BoardViewModelTest.kt:45:68 Type mismatch: inferred type is GeminiService but 
SettingsRepository was expected
e: file:///E:/dev/MyAAC/app/src/test/java/com/example/myaac/viewmodel/BoardViewModelTest.kt:45:83 Type mismatch: inferred type is ArasaacService but 
GeminiService? was expected

[Incubating] Problems report is available at: file:///E:/dev/MyAAC/build/reports/problems/problems-report.html

FAILURE: Build failed with an exception.

* What went wrong:
Execution failed for task ':app:compileDebugUnitTestKotlin'.
> A failure occurred while executing org.jetbrains.kotlin.compilerRunner.GradleCompilerRunnerWithWorkers$GradleKotlinCompilerWorkAction
   > Compilation error. See log for more details

* Try:
> Run with --stacktrace option to get the stack trace.
> Run with --info or --debug option to get more log output.

> Run with --scan to get full insights.
Deprecated Gradle features were used in this build, making it incompatible with Gradle 10.0.

You can use '--warning-mode all' to show the individual deprecation warnings and determine if they come from your own scripts or plugins.

For more on this, please refer to https://docs.gradle.org/9.0-milestone-1/userguide/command_line_interface.html#sec:command_line_warnings in the Gradle documentation.
27 actionable tasks: 2 executed, 25 up-to-date
> Get more help at https://help.gradle.org.

BUILD FAILED in 2s
